// Jest Snapshot v1, https://goo.gl/fbAQLP

exports[`App snapshot 1`] = `
<div
  className="App"
>
  <h1>
     Code Challange Coachhub.io
  </h1>
  <form
    onSubmit={[Function]}
  >
    <textarea
      className="input undefined"
      maxLength="199"
      onBlur={[Function]}
      onChange={[Function]}
      onFocus={[Function]}
      placeholder="add a new Todo"
      type="text"
      value=""
    />
    <button
      className="greenBig"
    />
  </form>
  <ul />
</div>
`;
